// Jest Snapshot v1, https://goo.gl/fbAQLP

exports[`AddFriendButton Component Test renders as expected 1`] = `
<button
  className="btn btn-primary"
  onClick={[Function]}
>
  Add Friend
</button>
`;
